// Vitest Snapshot v1, https://vitest.dev/guide/snapshot.html

exports[`AppHeader.vue > should render correctly 1`] = `
<div>
  <header id="page-header">
    <a
      class="
        btn
        btn-light
        link-skip-nav
      "
      href="#main-content"
    >Skip to content</a>
    <nav
      aria-label="Application header"
      type="dark"
    >
      <!-- Left aligned nav items -->
      <div class="page-header-start">
        <button
          aria-expanded="false"
          aria-label="Show navigation"
          class="nav-trigger"
          id="app-header-trigger"
          type="button"
          variant="link"
        >
          <!-- v-if -->
          <anonymous-stub title="Show navigation"></anonymous-stub>
        </button>
        <div
          class="me-0"
          to="/"
        >
          <anonymous-stub
            aria-label="Built on OpenBMC"
            class="header-logo"
          ></anonymous-stub>
        </div>
        <!-- v-if -->
      </div>
      <!-- Right aligned nav items -->
      <div class="
        helper-menu
        ms-auto
      ">
        <!-- SSE Status Indicator (only shows when not connected) -->
        <li class="
          align-items-center
          d-flex
          nav-item
        ">
          <s-s-e-status-indicator-stub></s-s-e-status-indicator-stub>
        </li>
        <!-- Health Rollup Icon with tooltip -->
        <health-rollup-icon-stub></health-rollup-icon-stub>
        <!-- Power State Icon with dropdown -->
        <power-state-icon-stub></power-state-icon-stub>
        <!-- Redfish Logger button - Red when recording, Gray when not -->
        <!-- v-if -->
        <!-- Refresh button -->
        <li class="nav-item">
          <button
            id="app-header-refresh"
            variant="link"
          >
            <anonymous-stub title="Refresh application data"></anonymous-stub>
            <span class="responsive-text">
              Refresh
            </span>
          </button>
        </li>
        <!-- User Menu with dropdown -->
        <user-menu-stub></user-menu-stub>
      </div>
    </nav>
  </header>
  <loading-bar-stub></loading-bar-stub>
</div>
`;
