// Jest Snapshot v1, https://goo.gl/fbAQLP

exports[`PageContainer.vue should render correctly 1`] = `
<div>
  <global-banner-stub
    message="global.toast.bmcIsNotReady"
    show="false"
    variant="warning"
  />
  <main
    class="page-container"
    id="main-content"
  >
    
    
  </main>
</div>
`;
