// Vitest Snapshot v1, https://vitest.dev/guide/snapshot.html

exports[`PageContainer.vue > should render correctly 1`] = `
<div>
  <div class="page-banner-stack">
    <global-banner-stub
      message="global.toast.bmcIsNotReady"
      show="false"
      variant="warning"
    ></global-banner-stub>
    <boot-progress-banner-stub></boot-progress-banner-stub>
    <firmware-progress-banner-stub></firmware-progress-banner-stub>
  </div>
  <system-recovery-modal-stub></system-recovery-modal-stub>
  <main
    class="page-container"
    id="main-content"
  ></main>
</div>
`;
