// Jest Snapshot v1, https://goo.gl/fbAQLP

exports[`Search.vue should render correctly 1`] = `
<div
  class="search-global"
>
  <b-form-group
    class="mb-2"
    label="global.form.search"
    label-class="invisible"
    label-for="searchInput-test-uid"
  >
    <b-input-group
      class="align-items-center"
      size="md"
    >
      <b-form-input
        aria-label="global.form.search"
        class="search-input"
        id="searchInput-test-uid"
        modelvalue=""
        placeholder="Search"
        type="text"
      />
      <!--v-if-->
    </b-input-group>
  </b-form-group>
</div>
`;
